[backblue.gif]
[fade.gif]
[index.html]
[ueb.edu.vn/Uploads/Article/luumaianh/2020_7/1 Logo UEB doc_S1000 PNG.png]
[ueb.edu.vn/StyleSheets/DHKT/Home.css]
[connect.facebook.net/en_US/fbevents.js]
[ueb.vnu.edu.vn/js/trangchuTV_moi/jquery-1.7.1.min.js]
[ueb.vnu.edu.vn/js/trangchuTV_moi/jquery.vticker.js]
[ueb.vnu.edu.vn/js/jquery_003.js]
[ueb.vnu.edu.vn/js/jcarousel.js]
[ueb.vnu.edu.vn/js/jquery.cream-tabs.1-0.js]
[ueb.vnu.edu.vn/Images/bg_top_left.jpg]
[ueb.vnu.edu.vn/Images/banner.jpg]
[ueb.vnu.edu.vn/Images/logo.png]
[ueb.vnu.edu.vn/images/en.jpg]
[ueb.vnu.edu.vn/images/vi.jpg]
[ueb.vnu.edu.vn/images/timkiem.jpg]
[ueb.vnu.edu.vn/Images/bg_top_right.jpg]
[ueb.edu.vn/Uploads/Adv/01_Banner 720x300/Slide web_UEB so 1 VNU_ 4.9 -3.jpg]
[ueb.edu.vn/Uploads/Adv/Banner TS SDH.jpg]
[ueb.edu.vn/Uploads/Adv/cd10c2eeec3e1a60432f.jpg]
[ueb.edu.vn/Uploads/Adv/z2449906832811_f1781aa656ef69c373818949d117c739.jpg]
[ueb.edu.vn/Uploads/Adv/01_Banner 289x100/TS Dai hoc.jpg]
[ueb.edu.vn/Uploads/Adv/01_Banner 289x100/TS sau DH.jpg]
[ueb.edu.vn/Uploads/Adv/01_Banner tuyen sinh/TS lien ket346x150.jpg]
[ueb.edu.vn/images/tintuc.jpg]
[ueb.edu.vn/Uploads/image/News/Thumbnails/2021/12/Thumbnails06502021095025.jpg]
[ueb.edu.vn/Uploads/image/News/Thumbnails/2021/12/Thumbnails06232021092311.png]
[ueb.edu.vn/Uploads/image/News/Thumbnails/2021/12/Thumbnails03192021061909.png]
[ueb.edu.vn/Uploads/image/News/Thumbnails/2021/12/Thumbnails03452021024508.jpg]
[ueb.edu.vn/Uploads/image/News/Thumbnails/2021/12/Thumbnails03462021104602.jpg]
[ueb.edu.vn/Uploads/image/News/Thumbnails/2021/11/Thumbnails30482021054835.png]
[ueb.edu.vn/Uploads/image/News/Thumbnails/2021/12/Thumbnails02262021032651.jpg]
[ueb.edu.vn/Uploads/image/News/Thumbnails/2021/11/Thumbnails11352021113502.jpg]
[ueb.edu.vn/Uploads/image/News/Thumbnails/2021/11/Thumbnails04112021031131.jpg]
[ueb.edu.vn/Uploads/image/News/Thumbnails/2021/5/Thumbnails14392021023916.jpg]
[ueb.edu.vn/Uploads/image/News/Thumbnails/2021/3/Thumbnails30502021095014.jpg]
[ueb.edu.vn/Uploads/image/News/Thumbnails/2021/3/Thumbnails12492021034934.jpg]
[ueb.edu.vn/Uploads/image/News/Thumbnails/2021/3/Thumbnails09412021104143.jpg]
[ueb.edu.vn/Uploads/image/News/Thumbnails/2021/3/Thumbnails04562021035617.jpg]
[ueb.edu.vn/Uploads/image/News/Thumbnails/2021/3/Thumbnails03462021124655.jpg]
[ueb.edu.vn/Uploads/image/News/Thumbnails/2021/2/Thumbnails26422021034254.jpg]
[ueb.edu.vn/Uploads/image/News/Thumbnails/2020/10/Thumbnails12562020045616.jpg]
[ueb.edu.vn/Uploads/image/News/Thumbnails/2020/9/Thumbnails04542020075412.jpg]
[ueb.edu.vn/Uploads/image/News/Thumbnails/2020/9/Thumbnails01422020114246.jpg]
[ueb.edu.vn/Uploads/image/News/Thumbnails/2020/7/Thumbnails31212020042147.jpg]
[ueb.edu.vn/Uploads/image/News/Thumbnails/2020/7/Thumbnails29292020032923.jpg]
[ueb.edu.vn/Uploads/image/News/Thumbnails/2020/7/Thumbnails17272020102758.jpg]
[ueb.edu.vn/Uploads/image/News/Thumbnails/2020/7/Thumbnails07092020050904.jpg]
[ueb.edu.vn/Uploads/image/News/Thumbnails/2020/7/Thumbnails02392020033905.png]
[ueb.edu.vn/Uploads/image/News/Thumbnails/2020/6/Thumbnails05232020112302.jpg]
[ueb.edu.vn/Uploads/image/News/Thumbnails/2020/5/Thumbnails26542020025428.jpg]
[ueb.edu.vn/Uploads/image/News/Thumbnails/2020/6/Thumbnails02522020095213.jpg]
[ueb.edu.vn/Uploads/image/News/Thumbnails/2020/5/Thumbnails29092020050955.jpg]
[ueb.edu.vn/Uploads/image/News/Thumbnails/2020/5/Thumbnails29352020103537.jpg]
[ueb.edu.vn/Uploads/image/News/Thumbnails/2020/5/Thumbnails27432020044320.png]
[ueb.edu.vn/Uploads/image/News/Thumbnails/2020/4/Thumbnails27482020094831.jpg]
[ueb.edu.vn/Uploads/image/News/Thumbnails/2020/4/Thumbnails10162020101653.jpg]
[ueb.edu.vn/Uploads/image/News/Thumbnails/2019/10/Thumbnails28102019021015.jpg]
[ueb.edu.vn/Uploads/image/News/Thumbnails/2018/11/Thumbnails02242018042424.jpg]
[ueb.edu.vn/Uploads/image/News/Thumbnails/2018/8/Thumbnails24342018093457.jpg]
[ueb.edu.vn/Uploads/image/News/Thumbnails/2018/8/Thumbnails05122018071216.jpg]
[ueb.edu.vn/Uploads/image/News/Thumbnails/2018/7/Thumbnails18352018043549.jpg]
[ueb.edu.vn/Uploads/image/News/Thumbnails/2018/7/Thumbnails14012018060124.jpg]
[ueb.edu.vn/Uploads/image/News/Thumbnails/2018/3/Thumbnails19152018051545.jpg]
[ueb.edu.vn/Uploads/image/News/Thumbnails/2018/6/Thumbnails13122018031214.jpg]
[ueb.edu.vn/Uploads/image/News/Thumbnails/2018/6/Thumbnails27082018110837.jpg]
[ueb.edu.vn/Uploads/image/News/Thumbnails/2018/6/Thumbnails05022018040241.jpg]
[ueb.edu.vn/Uploads/image/News/Thumbnails/2018/5/Thumbnails22122018111232.jpg]
[ueb.edu.vn/Uploads/image/News/Thumbnails/2018/4/Thumbnails17062018050648.jpg]
[ueb.edu.vn/Uploads/image/News/Thumbnails/2018/2/Thumbnails01192018021916.jpg]
[ueb.edu.vn/Uploads/image/News/Thumbnails/2017/10/Thumbnails03522017095256.jpg]
[ueb.edu.vn/Uploads/image/News/Thumbnails/2017/5/Thumbnails15302017033011.jpg]
[ueb.edu.vn/Uploads/image/News/Thumbnails/2017/6/Thumbnails27582017045849.jpg]
[ueb.edu.vn/Uploads/image/News/Thumbnails/2017/2/Thumbnails17232017102334.jpg]
[ueb.edu.vn/Uploads/image/News/Thumbnails/2017/2/Thumbnails17362017043629.jpg]
[ueb.edu.vn/Uploads/image/News/Thumbnails/2017/2/Thumbnails11272017092716.jpg]
[ueb.edu.vn/Uploads/image/News/Thumbnails/2016/8/Thumbnails16492016044948.jpg]
[ueb.edu.vn/Uploads/image/News/Thumbnails/2016/8/Thumbnails16452016114526.jpg]
[ueb.edu.vn/Uploads/image/News/Thumbnails/2015/7/Thumbnails13542015125416.jpg]
[ueb.edu.vn/Uploads/image/News/Thumbnails/2015/6/Thumbnails19582015025805.jpg]
[ueb.edu.vn/Uploads/image/News/Thumbnails/2011/10/Thumbnails15252011012504.png]
[ueb.edu.vn/Uploads/image/News/Thumbnails/2011/10/Thumbnails15272011012718.jpg]
[ueb.edu.vn/Uploads/image/News/Thumbnails/2011/7/Thumbnails11432011044309.png]
[ueb.edu.vn/Uploads/image/News/Thumbnails/2011/7/Thumbnails01542011055426.jpg]
[ueb.edu.vn/Uploads/image/News/Thumbnails/2011/6/Thumbnails07392011103903.jpg]
[ueb.edu.vn/Uploads/image/News/Thumbnails/2011/6/Thumbnails10592011075924.jpg]
[ueb.edu.vn/Uploads/image/News/Thumbnails/2011/4/Thumbnails20552011085512.jpg]
[ueb.vnu.edu.vn/js/jQueryPagination.js]
[ueb.edu.vn/images/thongbao.jpg]
[ueb.edu.vn/images/sapdienra.jpg]
[ueb.edu.vn/images/tuyensinhdaihoc.jpg]
[ueb.edu.vn/images/tuyensinhsaudaihoc.jpg]
[ueb.vnu.edu.vn/Images/fb.jpg]
[ueb.vnu.edu.vn/Images/yt.jpg]
[ueb.vnu.edu.vn/Images/em.jpg]
[sstatic1.histats.com/00d2a.gif]
[ueb.vnu.edu.vn/js/nivo-slider/jquery.nivo.slider.js]
[www.google-analytics.com/analytics.js]
[ueb.vnu.edu.vn/index.html]
[connect.facebook.net/en_US/fbevents.js]
[ueb.edu.vn/StyleSheets/images/title_bar_bg.jpg]
[ueb.edu.vn/StyleSheets/images/logo.png]
[ueb.edu.vn/images/dhkttiengviet.jpg]
[ueb.edu.vn/StyleSheets/images/search_bar_bg.jpg]
[ueb.edu.vn/StyleSheets/images/search_bg_02.png]
[ueb.edu.vn/StyleSheets/images/outstanding_top3_bg.jpg]
[ueb.edu.vn/StyleSheets/Images/home_category_header_bg.jpg]
[ueb.edu.vn/StyleSheets/images/home_news_other.jpg]
[ueb.edu.vn/StyleSheets/Images/4vuong.gif]
[ueb.edu.vn/StyleSheets/images/home_menu_bg.jpg]
[ueb.edu.vn/StyleSheets/images/tab3_item_bg.jpg]
[ueb.edu.vn/StyleSheets/images/adv_title_bg.jpg]
[ueb.edu.vn/StyleSheets/DHKT/Home.css]
[ueb.edu.vn/images/123.jpg]
[ueb.vnu.edu.vn/css/trangchuTV_moi/navigation.css]
[ueb.vnu.edu.vn/css/trangchuTV_moi/navigation_tren.css]
[ueb.vnu.edu.vn/images/daudong.png]
[ueb.vnu.edu.vn/images/nutvuong.jpg]
[ueb.vnu.edu.vn/css/trangchuTV_moi/style.css]
[ueb.vnu.edu.vn/images/Red/bg_top_left.jpg]
[ueb.vnu.edu.vn/images/Red/bg_top_right.jpg]
[ueb.vnu.edu.vn/images/Red/banner.jpg]
[ueb.vnu.edu.vn/images/Red/datlamtrangchu.jpg]
[ueb.vnu.edu.vn/images/Red/bg_bottom_left.jpg]
[ueb.vnu.edu.vn/images/Red/bg_bottom_right.jpg]
[ueb.vnu.edu.vn/images/Red/bg_menu_bottom.jpg]
[ueb.vnu.edu.vn/css/trangchuTV_moi/red.css]
[ueb.vnu.edu.vn/js/nivo-slider/arrows.png]
[ueb.vnu.edu.vn/js/nivo-slider/bullets.png]
[ueb.vnu.edu.vn/js/nivo-slider/nivo-slider.css]
[ueb.vnu.edu.vn/css/jcarousel.css]
[ueb.vnu.edu.vn/css/cream_tabs/cream.tabs.style.css]
[ueb.vnu.edu.vn/css/cream_tabs/font/fontawesome-webfont3294.eot]
[ueb.vnu.edu.vn/css/cream_tabs/font/fontawesome-webfontd41d.eot]
[ueb.vnu.edu.vn/css/cream_tabs/font/fontawesome-webfont3294.woff]
[ueb.vnu.edu.vn/css/cream_tabs/font/fontawesome-webfont3294.ttf]
[ueb.vnu.edu.vn/css/cream_tabs/font-awesome.css]
[ueb.vnu.edu.vn/cream_tabs/img/bg.html]
[ueb.vnu.edu.vn/Sub/newscategory/22/638/tb-LKQT.html]
[ueb.vnu.edu.vn/css/jQueryPagination.css]
[ueb.vnu.edu.vn/c.html]
[ueb.vnu.edu.vn/b.html]
[ueb.vnu.edu.vn/POST.html]
[ueb.vnu.edu.vn/images/sliders/arrow-slider.html]
[p3nlhclust404.shr.prod.phx3.secureserver.net/SharedContent/images/body-bg.gif]
[p3nlhclust404.shr.prod.phx3.secureserver.net/SharedContent/images/404.gif]
[p3nlhclust404.shr.prod.phx3.secureserver.net/SharedContent/images/info-top-bg.gif]
[p3nlhclust404.shr.prod.phx3.secureserver.net/SharedContent/images/500.gif]
[p3nlhclust404.shr.prod.phx3.secureserver.net/SharedContent/images/comingsoon.gif]
[p3nlhclust404.shr.prod.phx3.secureserver.net/SharedContent/images/suspended.gif]
[p3nlhclust404.shr.prod.phx3.secureserver.net/SharedContent/404-etc-styles.css]
